<?xml version="1.0" encoding="UTF-8"?>
<xs:schema xmlns:xs="http://www.w3.org/2001/XMLSchema">
  <xs:element name="book">
    <xs:complexType>
      <xs:sequence>
        <xs:element name="isbn" type="xs:string"/>
        <xs:element name="title" type="xs:integer"/>
        <xs:element name="author-ref" type="xs:IDREF"/>
        <xs:element name="character-refs" type="xs:IDREFS"/>
      </xs:sequence>
      <xs:attribute name="identifier" type="xs:ID" use="required"/>
    </xs:complexType>
  </xs:element>
</xs:schema>
