<?xml version="1.0" encoding="UTF-8"?>
<xs:schema xmlns:xs="http://www.w3.org/2001/XMLSchema">
  <xs:complexType name="user">
    <xs:attribute name="name" type="xs:string"/>
    <xs:attribute name="age" type="xs:integer"/>
  </xs:complexType>
</xs:schema>
